0 addr=08A37310 pc=08318ABC lr=08319919 r0=08A37310 r1=00000008 old=08A506BC new=00000000
1 addr=08A506BC pc=08314232 lr=08318ABF r0=08A506BC r1=00000008 old=00000088 new=00000000
2 addr=08A506BC pc=08314020 lr=08318ABF r0=00000088 r1=00000008 old=00000088 new=00000000
3 addr=08A506BE pc=08314232 lr=08318ABF r0=0000007F r1=00000008 old=0000008B new=00000000
4 addr=08A506BE pc=08314020 lr=08318ABF r0=0000008B r1=00000008 old=0000008B new=00000000
5 addr=08A506C0 pc=08314232 lr=08318ABF r0=00000082 r1=00000008 old=00000090 new=00000000
6 addr=08A506C0 pc=08314020 lr=08318ABF r0=00000090 r1=00000008 old=00000090 new=00000000
7 addr=08A506C2 pc=08314232 lr=08318ABF r0=00000087 r1=00000008 old=00000081 new=00000000
8 addr=08A506C2 pc=08314020 lr=08318ABF r0=00000081 r1=00000008 old=00000081 new=00000000
9 addr=08A506C4 pc=08314232 lr=08318ABF r0=00000078 r1=00000008 old=0000008E new=00000000
10 addr=08A506C4 pc=08314020 lr=08318ABF r0=0000008E r1=00000008 old=0000008E new=00000000
11 addr=08A506C6 pc=08314232 lr=08318ABF r0=00000085 r1=00000008 old=0000008E new=00000000
12 addr=08A506C6 pc=08314020 lr=08318ABF r0=0000008E r1=00000008 old=0000008E new=00000000
13 addr=08A506C8 pc=08314232 lr=08318ABF r0=00000085 r1=00000008 old=00000089 new=00000000
14 addr=08A506C8 pc=08314020 lr=08318ABF r0=00000089 r1=00000008 old=00000089 new=00000000
15 addr=08A506CA pc=08314232 lr=08318ABF r0=00000080 r1=00000008 old=00000089 new=00000000
16 addr=08A506CA pc=08314020 lr=08318ABF r0=00000089 r1=00000008 old=00000089 new=00000000
17 addr=08A506CC pc=08314232 lr=08318ABF r0=00000080 r1=00000008 old=00000081 new=00000000
18 addr=08A506CC pc=08314020 lr=08318ABF r0=00000081 r1=00000008 old=00000081 new=00000000
19 addr=08A506CE pc=08314232 lr=08318ABF r0=00000078 r1=00000008 old=00000020 new=00000000
20 addr=08A506CE pc=08314020 lr=08318ABF r0=00000020 r1=00000008 old=00000020 new=00000000
21 addr=08A506CF pc=08314232 lr=08318ABF r0=08314218 r1=08314034 old=00000020 new=00000000
22 addr=08A506CF pc=08314020 lr=08318ABF r0=00000020 r1=08314034 old=00000020 new=00000000
23 addr=08A506D0 pc=08314232 lr=08318ABF r0=08314218 r1=08314034 old=00000020 new=00000000
24 addr=08A506D0 pc=08314020 lr=08318ABF r0=00000020 r1=08314034 old=00000020 new=00000000
25 addr=08A506D1 pc=08314232 lr=08318ABF r0=08314218 r1=08314034 old=00000020 new=00000000
26 addr=08A506D1 pc=08314020 lr=08318ABF r0=00000020 r1=08314034 old=00000020 new=00000000
27 addr=08A506D2 pc=08314232 lr=08318ABF r0=08314218 r1=08314034 old=00000020 new=00000000
28 addr=08A506D2 pc=08314020 lr=08318ABF r0=00000020 r1=08314034 old=00000020 new=00000000
29 addr=08A506D3 pc=08314232 lr=08318ABF r0=08314218 r1=08314034 old=00000020 new=00000000
30 addr=08A506D3 pc=08314020 lr=08318ABF r0=00000020 r1=08314034 old=00000020 new=00000000
31 addr=08A506D4 pc=08314232 lr=08318ABF r0=08314218 r1=08314034 old=00000020 new=00000000
32 addr=08A506D4 pc=08314020 lr=08318ABF r0=00000020 r1=08314034 old=00000020 new=00000000
33 addr=08A506D5 pc=08314232 lr=08318ABF r0=08314218 r1=08314034 old=00000020 new=00000000
34 addr=08A506D5 pc=08314020 lr=08318ABF r0=00000020 r1=08314034 old=00000020 new=00000000
35 addr=08A506D6 pc=08314232 lr=08318ABF r0=08314218 r1=08314034 old=00000077 new=00000000
36 addr=08A506D6 pc=08314020 lr=08318ABF r0=00000077 r1=08314034 old=00000077 new=00000000
37 addr=08A506D7 pc=08314232 lr=08318ABF r0=08314218 r1=08314034 old=0000008D new=00000000
38 addr=08A506D7 pc=08314020 lr=08318ABF r0=0000008D r1=08314034 old=0000008D new=00000000
39 addr=08A506D9 pc=08314232 lr=08318ABF r0=00000084 r1=08314034 old=0000008D new=00000000
40 addr=08A506D9 pc=08314020 lr=08318ABF r0=0000008D r1=08314034 old=0000008D new=00000000
41 addr=08A506DB pc=08314232 lr=08318ABF r0=00000084 r1=08314034 old=00000089 new=00000000
42 addr=08A506DB pc=08314020 lr=08318ABF r0=00000089 r1=08314034 old=00000089 new=00000000
43 addr=08A506DD pc=08314232 lr=08318ABF r0=00000080 r1=08314034 old=00000081 new=00000000
44 addr=08A506DD pc=08314020 lr=08318ABF r0=00000081 r1=08314034 old=00000081 new=00000000
45 addr=08A37310 pc=08314BBE lr=08314B83 r0=08A37310 r1=00000007 old=08A506BC new=00000000
46 addr=08A506BC pc=0831425A lr=083148F3 r0=03001470 r1=08A506BC old=00000088 new=00000000
47 addr=08A506BC pc=08314336 lr=083148F3 r0=0000007F r1=08A506BC old=00000088 new=00000000
48 addr=08A506BC pc=08F30284 lr=0831BBED r0=08A506BC r1=00000000 old=00000088 new=00000000
49 addr=08A506BD pc=08F30286 lr=0831BBED r0=08A506BC r1=00000000 old=00000087 new=00000000
50 addr=08A506BE pc=0831425A lr=083148F3 r0=03001470 r1=08A506BE old=0000008B new=00000000
51 addr=08A506BE pc=08314336 lr=083148F3 r0=00000082 r1=08A506BE old=0000008B new=00000000
52 addr=08A506BE pc=08F30284 lr=0831BBED r0=08A506BE r1=00000000 old=0000008B new=00000000
53 addr=08A506BF pc=08F30286 lr=0831BBED r0=08A506BE r1=00000000 old=00000058 new=00000000
54 addr=08A506C0 pc=0831425A lr=083148F3 r0=03001470 r1=08A506C0 old=00000090 new=00000000
55 addr=08A506C0 pc=08314336 lr=083148F3 r0=00000087 r1=08A506C0 old=00000090 new=00000000
56 addr=08A506C0 pc=08F30284 lr=0831BBED r0=08A506C0 r1=00000000 old=00000090 new=00000000
57 addr=08A506C1 pc=08F30286 lr=0831BBED r0=08A506C0 r1=00000000 old=00000054 new=00000000
58 addr=08A506C2 pc=0831425A lr=083148F3 r0=03001470 r1=08A506C2 old=00000081 new=00000000
59 addr=08A506C2 pc=08314336 lr=083148F3 r0=00000078 r1=08A506C2 old=00000081 new=00000000
60 addr=08A506C2 pc=08F30284 lr=0831BBED r0=08A506C2 r1=00000000 old=00000081 new=00000000
61 addr=08A506C3 pc=08F30286 lr=0831BBED r0=08A506C2 r1=00000000 old=00000040 new=00000000
62 addr=08A506C4 pc=0831425A lr=083148F3 r0=03001470 r1=08A506C4 old=0000008E new=00000000
63 addr=08A506C4 pc=08314336 lr=083148F3 r0=00000085 r1=08A506C4 old=0000008E new=00000000
64 addr=08A506C4 pc=08F30284 lr=0831BBED r0=08A506C4 r1=00000000 old=0000008E new=00000000
65 addr=08A506C5 pc=08F30286 lr=0831BBED r0=08A506C4 r1=00000000 old=000000A7 new=00000000
66 addr=08A506C6 pc=0831425A lr=083148F3 r0=03001470 r1=08A506C6 old=0000008E new=00000000
67 addr=08A506C6 pc=08314336 lr=083148F3 r0=00000085 r1=08A506C6 old=0000008E new=00000000
68 addr=08A506C6 pc=08F30284 lr=0831BBED r0=08A506C6 r1=00000000 old=0000008E new=00000000
69 addr=08A506C7 pc=08F30286 lr=0831BBED r0=08A506C6 r1=00000000 old=0000004B new=00000000
70 addr=08A506C8 pc=0831425A lr=083148F3 r0=03001470 r1=08A506C8 old=00000089 new=00000000
71 addr=08A506C8 pc=08314336 lr=083148F3 r0=00000080 r1=08A506C8 old=00000089 new=00000000
72 addr=08A506C8 pc=08F30284 lr=0831BBED r0=08A506C8 r1=00000000 old=00000089 new=00000000
73 addr=08A506C9 pc=08F30286 lr=0831BBED r0=08A506C8 r1=00000000 old=000000D4 new=00000000
74 addr=08A506CA pc=0831425A lr=083148F3 r0=03001470 r1=08A506CA old=00000089 new=00000000
75 addr=08A506CA pc=08314336 lr=083148F3 r0=00000080 r1=08A506CA old=00000089 new=00000000
76 addr=08A506CA pc=08F30284 lr=0831BBED r0=08A506CA r1=00000000 old=00000089 new=00000000
77 addr=08A506CB pc=08F30286 lr=0831BBED r0=08A506CA r1=00000000 old=000000E2 new=00000000
78 addr=08A506CC pc=0831425A lr=083148F3 r0=03001470 r1=08A506CC old=00000081 new=00000000
79 addr=08A506CC pc=08314336 lr=083148F3 r0=00000078 r1=08A506CC old=00000081 new=00000000
80 addr=08A506CC pc=08F30284 lr=0831BBED r0=08A506CC r1=00000000 old=00000081 new=00000000
81 addr=08A506CD pc=08F30286 lr=0831BBED r0=08A506CC r1=00000000 old=00000041 new=00000000
82 addr=08A506CE pc=0831425A lr=083148F3 r0=03001470 r1=08A506CE old=00000020 new=00000000
83 addr=08A506CF pc=0831425A lr=083148F3 r0=08A506CF r1=08A506CF old=00000020 new=00000000
84 addr=08A506D0 pc=0831425A lr=083148F3 r0=08A506D0 r1=08A506D0 old=00000020 new=00000000
85 addr=08A506D1 pc=0831425A lr=083148F3 r0=08A506D1 r1=08A506D1 old=00000020 new=00000000
86 addr=08A506D2 pc=0831425A lr=083148F3 r0=08A506D2 r1=08A506D2 old=00000020 new=00000000
87 addr=08A506D3 pc=0831425A lr=083148F3 r0=08A506D3 r1=08A506D3 old=00000020 new=00000000
88 addr=08A506D4 pc=0831425A lr=083148F3 r0=08A506D4 r1=08A506D4 old=00000020 new=00000000
89 addr=08A506D5 pc=0831425A lr=083148F3 r0=08A506D5 r1=08A506D5 old=00000020 new=00000000
90 addr=08A506D6 pc=0831425A lr=083148F3 r0=08A506D6 r1=08A506D6 old=00000077 new=00000000
91 addr=08A506D6 pc=08314336 lr=083148F3 r0=0000006E r1=08A506D6 old=00000077 new=00000000
92 addr=08A506D7 pc=0831425A lr=083148F3 r0=03001470 r1=08A506D7 old=0000008D new=00000000
93 addr=08A506D7 pc=08314336 lr=083148F3 r0=00000084 r1=08A506D7 old=0000008D new=00000000
94 addr=08A506D7 pc=08F30284 lr=0831BBED r0=08A506D7 r1=00000000 old=0000008D new=00000000
95 addr=08A506D8 pc=08F30286 lr=0831BBED r0=08A506D7 r1=00000000 old=000000C2 new=00000000
96 addr=08A506D9 pc=0831425A lr=083148F3 r0=03001470 r1=08A506D9 old=0000008D new=00000000
97 addr=08A506D9 pc=08314336 lr=083148F3 r0=00000084 r1=08A506D9 old=0000008D new=00000000
98 addr=08A506D9 pc=08F30284 lr=0831BBED r0=08A506D9 r1=00000000 old=0000008D new=00000000
99 addr=08A506DA pc=08F30286 lr=0831BBED r0=08A506D9 r1=00000000 old=000000BC new=00000000
100 addr=08A506DB pc=0831425A lr=083148F3 r0=03001470 r1=08A506DB old=00000089 new=00000000
101 addr=08A506DB pc=08314336 lr=083148F3 r0=00000080 r1=08A506DB old=00000089 new=00000000
102 addr=08A506DB pc=08F30284 lr=0831BBED r0=08A506DB r1=00000000 old=00000089 new=00000000
103 addr=08A506DC pc=08F30286 lr=0831BBED r0=08A506DB r1=00000000 old=000000DA new=00000000
104 addr=08A506DD pc=0831425A lr=083148F3 r0=03001470 r1=08A506DD old=00000081 new=00000000
105 addr=08A506DD pc=08314336 lr=083148F3 r0=00000078 r1=08A506DD old=00000081 new=00000000
106 addr=08A506DD pc=08F30284 lr=0831BBED r0=08A506DD r1=00000000 old=00000081 new=00000000
107 addr=08A506DE pc=08F30286 lr=0831BBED r0=08A506DD r1=00000000 old=00000049 new=00000000
