0 addr=08DF2B58 pc=08B3C2D0 lr=08B3C2C7 r0=08DF2B58 r1=00000001 old=08B84F04 new=00000000
1 addr=08B84F04 pc=08B3C1A8 lr=08B10021 r0=08B3C1A1 r1=00000000 old=00000092 new=00000000
2 addr=08B84F04 pc=08B3C1CE lr=08B10021 r0=00000000 r1=08B842E8 old=00000092 new=00000000
3 addr=08B84F04 pc=08B3C1CE lr=08B10021 r0=00000091 r1=08B842EA old=00000092 new=00000000
4 addr=08B84F04 pc=08B3C1CE lr=08B10021 r0=0000008E r1=08B842EC old=00000092 new=00000000
5 addr=08B84F04 pc=08B3C1CE lr=08B10021 r0=00000091 r1=08B842EE old=00000092 new=00000000
6 addr=08B84F04 pc=08B3C1CE lr=08B10021 r0=00000092 r1=08B842F0 old=00000092 new=00000000
7 addr=08B84F05 pc=08B3C1DA lr=08B10021 r0=08B842F1 r1=00000092 old=000000A9 new=00000000
8 addr=08B84F04 pc=08B3C1CE lr=08B10021 r0=0000008A r1=08B842F2 old=00000092 new=00000000
9 addr=08B84F04 pc=08B3C1CE lr=08B10021 r0=0000008C r1=08B842F4 old=00000092 new=00000000
10 addr=08B84F04 pc=08B3C1CE lr=08B10021 r0=00000088 r1=08B842F6 old=00000092 new=00000000
11 addr=08B84F04 pc=08B3C1CE lr=08B10021 r0=00000088 r1=08B842F8 old=00000092 new=00000000
12 addr=08B84F04 pc=08B3C1CE lr=08B10021 r0=0000008E r1=08B842FA old=00000092 new=00000000
13 addr=08B84F04 pc=08B3C1CE lr=08B10021 r0=00000091 r1=08B842FC old=00000092 new=00000000
14 addr=08B84F04 pc=08B3C1CE lr=08B10021 r0=0000008D r1=08B842FE old=00000092 new=00000000
15 addr=08B84F04 pc=08B3C1CE lr=08B10021 r0=0000008F r1=08B84300 old=00000092 new=00000000
16 addr=08B84F04 pc=08B3C1CE lr=08B10021 r0=0000008F r1=08B84302 old=00000092 new=00000000
17 addr=08B84F04 pc=08B3C1CE lr=08B10021 r0=00000088 r1=08B84304 old=00000092 new=00000000
18 addr=08B84F04 pc=08B3C1CE lr=08B10021 r0=0000008E r1=08B84306 old=00000092 new=00000000
19 addr=08B84F04 pc=08B3C1CE lr=08B10021 r0=0000008B r1=08B84308 old=00000092 new=00000000
20 addr=08B84F04 pc=08B3C1CE lr=08B10021 r0=0000008D r1=08B8430A old=00000092 new=00000000
21 addr=08B84F04 pc=08B3C1CE lr=08B10021 r0=0000008C r1=08B8430C old=00000092 new=00000000
22 addr=08B84F04 pc=08B3C1CE lr=08B10021 r0=00000091 r1=08B8430E old=00000092 new=00000000
23 addr=08B84F04 pc=08B3C1CE lr=08B10021 r0=00000092 r1=08B84310 old=00000092 new=00000000
24 addr=08B84F05 pc=08B3C1DA lr=08B10021 r0=08B84311 r1=00000092 old=000000A9 new=00000000
25 addr=08B84F06 pc=08B3C21E lr=08B0FF93 r0=08B84F06 r1=00000002 old=0000008F new=00000000
26 addr=08B84F06 pc=08B3C1CE lr=08B0FF93 r0=00000100 r1=08B842E8 old=0000008F new=00000000
27 addr=08B84F06 pc=08B3C1CE lr=08B0FF93 r0=00000091 r1=08B842EA old=0000008F new=00000000
28 addr=08B84F06 pc=08B3C1CE lr=08B0FF93 r0=0000008E r1=08B842EC old=0000008F new=00000000
29 addr=08B84F06 pc=08B3C1CE lr=08B0FF93 r0=00000091 r1=08B842EE old=0000008F new=00000000
30 addr=08B84F06 pc=08B3C1CE lr=08B0FF93 r0=00000092 r1=08B842F0 old=0000008F new=00000000
31 addr=08B84F06 pc=08B3C1CE lr=08B0FF93 r0=0000008A r1=08B842F2 old=0000008F new=00000000
32 addr=08B84F06 pc=08B3C1CE lr=08B0FF93 r0=0000008C r1=08B842F4 old=0000008F new=00000000
33 addr=08B84F06 pc=08B3C1CE lr=08B0FF93 r0=00000088 r1=08B842F6 old=0000008F new=00000000
34 addr=08B84F06 pc=08B3C1CE lr=08B0FF93 r0=00000088 r1=08B842F8 old=0000008F new=00000000
35 addr=08B84F06 pc=08B3C1CE lr=08B0FF93 r0=0000008E r1=08B842FA old=0000008F new=00000000
36 addr=08B84F06 pc=08B3C1CE lr=08B0FF93 r0=00000091 r1=08B842FC old=0000008F new=00000000
37 addr=08B84F06 pc=08B3C1CE lr=08B0FF93 r0=0000008D r1=08B842FE old=0000008F new=00000000
38 addr=08B84F06 pc=08B3C1CE lr=08B0FF93 r0=0000008F r1=08B84300 old=0000008F new=00000000
39 addr=08B84F07 pc=08B3C1DA lr=08B0FF93 r0=08B84301 r1=0000008F old=000000A2 new=00000000
40 addr=08B84F06 pc=08B3C1CE lr=08B0FF93 r0=0000008F r1=08B84302 old=0000008F new=00000000
41 addr=08B84F07 pc=08B3C1DA lr=08B0FF93 r0=08B84303 r1=0000008F old=000000A2 new=00000000
42 addr=08B84F06 pc=08B3C1CE lr=08B0FF93 r0=00000088 r1=08B84304 old=0000008F new=00000000
43 addr=08B84F06 pc=08B3C1CE lr=08B0FF93 r0=0000008E r1=08B84306 old=0000008F new=00000000
44 addr=08B84F06 pc=08B3C1CE lr=08B0FF93 r0=0000008B r1=08B84308 old=0000008F new=00000000
45 addr=08B84F06 pc=08B3C1CE lr=08B0FF93 r0=0000008D r1=08B8430A old=0000008F new=00000000
46 addr=08B84F06 pc=08B3C1CE lr=08B0FF93 r0=0000008C r1=08B8430C old=0000008F new=00000000
47 addr=08B84F06 pc=08B3C1CE lr=08B0FF93 r0=00000091 r1=08B8430E old=0000008F new=00000000
48 addr=08B84F06 pc=08B3C1CE lr=08B0FF93 r0=00000092 r1=08B84310 old=0000008F new=00000000
49 addr=08B84F06 pc=08B3C1CE lr=08B0FF93 r0=0000008F r1=08B84312 old=0000008F new=00000000
50 addr=08B84F07 pc=08B3C1DA lr=08B0FF93 r0=08B84313 r1=0000008F old=000000A2 new=00000000
51 addr=08B84F08 pc=08B3C21E lr=08B0FF93 r0=08B84F08 r1=00000004 old=00000092 new=00000000
52 addr=08B84F08 pc=08B3C1CE lr=08B0FF93 r0=00000200 r1=08B842E8 old=00000092 new=00000000
53 addr=08B84F08 pc=08B3C1CE lr=08B0FF93 r0=00000091 r1=08B842EA old=00000092 new=00000000
54 addr=08B84F08 pc=08B3C1CE lr=08B0FF93 r0=0000008E r1=08B842EC old=00000092 new=00000000
55 addr=08B84F08 pc=08B3C1CE lr=08B0FF93 r0=00000091 r1=08B842EE old=00000092 new=00000000
56 addr=08B84F08 pc=08B3C1CE lr=08B0FF93 r0=00000092 r1=08B842F0 old=00000092 new=00000000
57 addr=08B84F09 pc=08B3C1DA lr=08B0FF93 r0=08B842F1 r1=00000092 old=00000067 new=00000000
58 addr=08B84F08 pc=08B3C1CE lr=08B0FF93 r0=0000008A r1=08B842F2 old=00000092 new=00000000
59 addr=08B84F08 pc=08B3C1CE lr=08B0FF93 r0=0000008C r1=08B842F4 old=00000092 new=00000000
60 addr=08B84F08 pc=08B3C1CE lr=08B0FF93 r0=00000088 r1=08B842F6 old=00000092 new=00000000
61 addr=08B84F08 pc=08B3C1CE lr=08B0FF93 r0=00000088 r1=08B842F8 old=00000092 new=00000000
62 addr=08B84F08 pc=08B3C1CE lr=08B0FF93 r0=0000008E r1=08B842FA old=00000092 new=00000000
63 addr=08B84F08 pc=08B3C1CE lr=08B0FF93 r0=00000091 r1=08B842FC old=00000092 new=00000000
64 addr=08B84F08 pc=08B3C1CE lr=08B0FF93 r0=0000008D r1=08B842FE old=00000092 new=00000000
65 addr=08B84F08 pc=08B3C1CE lr=08B0FF93 r0=0000008F r1=08B84300 old=00000092 new=00000000
66 addr=08B84F08 pc=08B3C1CE lr=08B0FF93 r0=0000008F r1=08B84302 old=00000092 new=00000000
67 addr=08B84F08 pc=08B3C1CE lr=08B0FF93 r0=00000088 r1=08B84304 old=00000092 new=00000000
68 addr=08B84F08 pc=08B3C1CE lr=08B0FF93 r0=0000008E r1=08B84306 old=00000092 new=00000000
69 addr=08B84F08 pc=08B3C1CE lr=08B0FF93 r0=0000008B r1=08B84308 old=00000092 new=00000000
70 addr=08B84F08 pc=08B3C1CE lr=08B0FF93 r0=0000008D r1=08B8430A old=00000092 new=00000000
71 addr=08B84F08 pc=08B3C1CE lr=08B0FF93 r0=0000008C r1=08B8430C old=00000092 new=00000000
72 addr=08B84F08 pc=08B3C1CE lr=08B0FF93 r0=00000091 r1=08B8430E old=00000092 new=00000000
73 addr=08B84F08 pc=08B3C1CE lr=08B0FF93 r0=00000092 r1=08B84310 old=00000092 new=00000000
74 addr=08B84F09 pc=08B3C1DA lr=08B0FF93 r0=08B84311 r1=00000092 old=00000067 new=00000000
75 addr=08B84F08 pc=08B3C1CE lr=08B0FF93 r0=0000008F r1=08B84312 old=00000092 new=00000000
76 addr=08B84F08 pc=08B3C1CE lr=08B0FF93 r0=00000092 r1=08B84314 old=00000092 new=00000000
77 addr=08B84F09 pc=08B3C1DA lr=08B0FF93 r0=08B84315 r1=00000092 old=00000067 new=00000000
78 addr=08B84F0A pc=08B3C21E lr=08B0FF93 r0=08B84F0A r1=00000006 old=0000008D new=00000000
79 addr=08B84F0A pc=08B3C1CE lr=08B0FF93 r0=00000300 r1=08B842E8 old=0000008D new=00000000
80 addr=08B84F0A pc=08B3C1CE lr=08B0FF93 r0=00000091 r1=08B842EA old=0000008D new=00000000
81 addr=08B84F0A pc=08B3C1CE lr=08B0FF93 r0=0000008E r1=08B842EC old=0000008D new=00000000
82 addr=08B84F0A pc=08B3C1CE lr=08B0FF93 r0=00000091 r1=08B842EE old=0000008D new=00000000
83 addr=08B84F0A pc=08B3C1CE lr=08B0FF93 r0=00000092 r1=08B842F0 old=0000008D new=00000000
84 addr=08B84F0A pc=08B3C1CE lr=08B0FF93 r0=0000008A r1=08B842F2 old=0000008D new=00000000
85 addr=08B84F0A pc=08B3C1CE lr=08B0FF93 r0=0000008C r1=08B842F4 old=0000008D new=00000000
86 addr=08B84F0A pc=08B3C1CE lr=08B0FF93 r0=00000088 r1=08B842F6 old=0000008D new=00000000
87 addr=08B84F0A pc=08B3C1CE lr=08B0FF93 r0=00000088 r1=08B842F8 old=0000008D new=00000000
88 addr=08B84F0A pc=08B3C1CE lr=08B0FF93 r0=0000008E r1=08B842FA old=0000008D new=00000000
89 addr=08B84F0A pc=08B3C1CE lr=08B0FF93 r0=00000091 r1=08B842FC old=0000008D new=00000000
90 addr=08B84F0A pc=08B3C1CE lr=08B0FF93 r0=0000008D r1=08B842FE old=0000008D new=00000000
91 addr=08B84F0B pc=08B3C1DA lr=08B0FF93 r0=08B842FF r1=0000008D old=000000EF new=00000000
92 addr=08B84F0A pc=08B3C1CE lr=08B0FF93 r0=0000008F r1=08B84300 old=0000008D new=00000000
93 addr=08B84F0A pc=08B3C1CE lr=08B0FF93 r0=0000008F r1=08B84302 old=0000008D new=00000000
94 addr=08B84F0A pc=08B3C1CE lr=08B0FF93 r0=00000088 r1=08B84304 old=0000008D new=00000000
95 addr=08B84F0A pc=08B3C1CE lr=08B0FF93 r0=0000008E r1=08B84306 old=0000008D new=00000000
96 addr=08B84F0A pc=08B3C1CE lr=08B0FF93 r0=0000008B r1=08B84308 old=0000008D new=00000000
97 addr=08B84F0A pc=08B3C1CE lr=08B0FF93 r0=0000008D r1=08B8430A old=0000008D new=00000000
98 addr=08B84F0B pc=08B3C1DA lr=08B0FF93 r0=08B8430B r1=0000008D old=000000EF new=00000000
99 addr=08B84F0A pc=08B3C1CE lr=08B0FF93 r0=0000008C r1=08B8430C old=0000008D new=00000000
100 addr=08B84F0A pc=08B3C1CE lr=08B0FF93 r0=00000091 r1=08B8430E old=0000008D new=00000000
101 addr=08B84F0A pc=08B3C1CE lr=08B0FF93 r0=00000092 r1=08B84310 old=0000008D new=00000000
102 addr=08B84F0A pc=08B3C1CE lr=08B0FF93 r0=0000008F r1=08B84312 old=0000008D new=00000000
103 addr=08B84F0A pc=08B3C1CE lr=08B0FF93 r0=00000092 r1=08B84314 old=0000008D new=00000000
104 addr=08B84F0A pc=08B3C1CE lr=08B0FF93 r0=0000008D r1=08B84316 old=0000008D new=00000000
105 addr=08B84F0B pc=08B3C1DA lr=08B0FF93 r0=08B84317 r1=0000008D old=000000EF new=00000000
106 addr=08B84F0C pc=08B3C21E lr=08B0FF93 r0=08B84F0C r1=00000008 old=0000008B new=00000000
107 addr=08B84F0C pc=08B3C1CE lr=08B0FF93 r0=00000400 r1=08B842E8 old=0000008B new=00000000
108 addr=08B84F0D pc=08B3C1DA lr=08B0FF93 r0=08B842E9 r1=0000008B old=000000B7 new=00000000
109 addr=08B84F0C pc=08B3C1CE lr=08B0FF93 r0=00000091 r1=08B842EA old=0000008B new=00000000
110 addr=08B84F0C pc=08B3C1CE lr=08B0FF93 r0=0000008E r1=08B842EC old=0000008B new=00000000
111 addr=08B84F0C pc=08B3C1CE lr=08B0FF93 r0=00000091 r1=08B842EE old=0000008B new=00000000
112 addr=08B84F0C pc=08B3C1CE lr=08B0FF93 r0=00000092 r1=08B842F0 old=0000008B new=00000000
113 addr=08B84F0C pc=08B3C1CE lr=08B0FF93 r0=0000008A r1=08B842F2 old=0000008B new=00000000
114 addr=08B84F0C pc=08B3C1CE lr=08B0FF93 r0=0000008C r1=08B842F4 old=0000008B new=00000000
115 addr=08B84F0C pc=08B3C1CE lr=08B0FF93 r0=00000088 r1=08B842F6 old=0000008B new=00000000
116 addr=08B84F0C pc=08B3C1CE lr=08B0FF93 r0=00000088 r1=08B842F8 old=0000008B new=00000000
117 addr=08B84F0C pc=08B3C1CE lr=08B0FF93 r0=0000008E r1=08B842FA old=0000008B new=00000000
118 addr=08B84F0C pc=08B3C1CE lr=08B0FF93 r0=00000091 r1=08B842FC old=0000008B new=00000000
119 addr=08B84F0C pc=08B3C1CE lr=08B0FF93 r0=0000008D r1=08B842FE old=0000008B new=00000000
120 addr=08B84F0C pc=08B3C1CE lr=08B0FF93 r0=0000008F r1=08B84300 old=0000008B new=00000000
121 addr=08B84F0C pc=08B3C1CE lr=08B0FF93 r0=0000008F r1=08B84302 old=0000008B new=00000000
122 addr=08B84F0C pc=08B3C1CE lr=08B0FF93 r0=00000088 r1=08B84304 old=0000008B new=00000000
123 addr=08B84F0C pc=08B3C1CE lr=08B0FF93 r0=0000008E r1=08B84306 old=0000008B new=00000000
124 addr=08B84F0C pc=08B3C1CE lr=08B0FF93 r0=0000008B r1=08B84308 old=0000008B new=00000000
125 addr=08B84F0D pc=08B3C1DA lr=08B0FF93 r0=08B84309 r1=0000008B old=000000B7 new=00000000
126 addr=08B84F0E pc=08B3C21E lr=08B0FF93 r0=08B84F0E r1=0000000A old=00000000 new=00000000
127 addr=08DF2B58 pc=08B3C526 lr=08B14061 r0=08DF2B58 r1=0201AD38 old=08B84F04 new=00000000
128 addr=08B84F04 pc=08B3C14C lr=08B140CF r0=03000F20 r1=08B3C145 old=00000092 new=00000000
129 addr=08B84F04 pc=08B3C15A lr=08B140CF r0=00000092 r1=03000F46 old=00000092 new=00000000
130 addr=08B84F05 pc=08B3C162 lr=08B140CF r0=00000092 r1=00000001 old=000000A9 new=00000000
131 addr=08B84F05 pc=08B3C16C lr=08B140CF r0=08B84F05 r1=01000000 old=000000A9 new=00000000
132 addr=08B84F05 pc=08B3C15A lr=08B140CF r0=000000A9 r1=03000F47 old=000000A9 new=00000000
133 addr=08B84F06 pc=08B3C162 lr=08B140CF r0=000000A9 r1=00000002 old=0000008F new=00000000
134 addr=08B84F06 pc=08B3C16C lr=08B140CF r0=08B84F06 r1=02000000 old=0000008F new=00000000
135 addr=08B84F06 pc=08B3C15A lr=08B140CF r0=0000008F r1=03000F48 old=0000008F new=00000000
136 addr=08B84F07 pc=08B3C162 lr=08B140CF r0=0000008F r1=00000003 old=000000A2 new=00000000
137 addr=08B84F07 pc=08B3C16C lr=08B140CF r0=08B84F07 r1=03000000 old=000000A2 new=00000000
138 addr=08B84F07 pc=08B3C15A lr=08B140CF r0=000000A2 r1=03000F49 old=000000A2 new=00000000
139 addr=08B84F08 pc=08B3C162 lr=08B140CF r0=000000A2 r1=00000004 old=00000092 new=00000000
140 addr=08B84F08 pc=08B3C16C lr=08B140CF r0=08B84F08 r1=04000000 old=00000092 new=00000000
141 addr=08B84F08 pc=08B3C15A lr=08B140CF r0=00000092 r1=03000F4A old=00000092 new=00000000
142 addr=08B84F09 pc=08B3C162 lr=08B140CF r0=00000092 r1=00000005 old=00000067 new=00000000
143 addr=08B84F09 pc=08B3C16C lr=08B140CF r0=08B84F09 r1=05000000 old=00000067 new=00000000
144 addr=08B84F09 pc=08B3C15A lr=08B140CF r0=00000067 r1=03000F4B old=00000067 new=00000000
145 addr=08B84F0A pc=08B3C162 lr=08B140CF r0=00000067 r1=00000006 old=0000008D new=00000000
146 addr=08B84F0A pc=08B3C16C lr=08B140CF r0=08B84F0A r1=06000000 old=0000008D new=00000000
147 addr=08B84F0A pc=08B3C15A lr=08B140CF r0=0000008D r1=03000F4C old=0000008D new=00000000
148 addr=08B84F0B pc=08B3C162 lr=08B140CF r0=0000008D r1=00000007 old=000000EF new=00000000
149 addr=08B84F0B pc=08B3C16C lr=08B140CF r0=08B84F0B r1=07000000 old=000000EF new=00000000
150 addr=08B84F0B pc=08B3C15A lr=08B140CF r0=000000EF r1=03000F4D old=000000EF new=00000000
151 addr=08B84F0C pc=08B3C162 lr=08B140CF r0=000000EF r1=00000008 old=0000008B new=00000000
152 addr=08B84F0C pc=08B3C16C lr=08B140CF r0=08B84F0C r1=08000000 old=0000008B new=00000000
153 addr=08B84F0C pc=08B3C15A lr=08B140CF r0=0000008B r1=03000F4E old=0000008B new=00000000
154 addr=08B84F0D pc=08B3C162 lr=08B140CF r0=0000008B r1=00000009 old=000000B7 new=00000000
155 addr=08B84F0D pc=08B3C16C lr=08B140CF r0=08B84F0D r1=09000000 old=000000B7 new=00000000
156 addr=08B84F0D pc=08B3C15A lr=08B140CF r0=000000B7 r1=03000F4F old=000000B7 new=00000000
157 addr=08B84F0E pc=08B3C162 lr=08B140CF r0=000000B7 r1=0000000A old=00000000 new=00000000
158 addr=08B84F0E pc=08B3C16C lr=08B140CF r0=08B84F0E r1=0A000000 old=00000000 new=00000000
